// Jest Snapshot v1, https://goo.gl/fbAQLP

exports[`NavBar component renders correctly 1`] = `
<div
  className="navbar"
>
  <a
    href="/"
    onClick={[Function]}
    style={
      Object {
        "color": "rgb(220, 145, 75)",
        "fontSize": 25,
        "fontWeight": "bold",
        "letterSpacing": 5,
        "marginLeft": 20,
        "textDecoration": "none",
      }
    }
  >
    Math Magicians
  </a>
  <ul
    className="nav-items"
  >
    <li>
      <a
        className="nav-item"
        href="/"
        onClick={[Function]}
      >
        Home
         
        |
      </a>
    </li>
    <li>
      <a
        className="nav-item"
        href="/calculator"
        onClick={[Function]}
      >
        Calculator
         
        |
      </a>
    </li>
    <li>
      <a
        className="nav-item"
        href="/quote"
        onClick={[Function]}
      >
        Quote
         
        |
      </a>
    </li>
  </ul>
</div>
`;
